Git and Git hub:
----------------
Git is version control system  in local machine
Git hub is Remote repository


git init ------------> git intilization
git add --------------> to add code to the stageing area
git status ------------->check the status of git
git commit -m "it is version 2 of test.py "  -------->code moved to local repo
git push ------------------>code moved to remote repo i,e git hub

git clone ----------------->remote repo to local repo



eg:
jagan@DESKTOP-VDCL0DV MINGW64 /f/Testing Git
$ pwd
/f/Testing Git

jagan@DESKTOP-VDCL0DV MINGW64 /f/Testing Git
$ ls
python_documents/

jagan@DESKTOP-VDCL0DV MINGW64 /f/Testing Git
$ cd python_documents/

jagan@DESKTOP-VDCL0DV MINGW64 /f/Testing Git/python_documents
$ ls
01python.txt

jagan@DESKTOP-VDCL0DV MINGW64 /f/Testing Git/python_documents
$ cd ..

jagan@DESKTOP-VDCL0DV MINGW64 /f/Testing Git
$ pwd
/f/Testing Git

jagan@DESKTOP-VDCL0DV MINGW64 /f/Testing Git
$ git init
Initialized empty Git repository in F:/Testing Git/.git/

jagan@DESKTOP-VDCL0DV MINGW64 /f/Testing Git (master)
$ git status
On branch master

No commits yet

Untracked files:
  (use "git add <file>..." to include in what will be committed)
        python_documents/

nothing added to commit but untracked files present (use "git add" to track)

jagan@DESKTOP-VDCL0DV MINGW64 /f/Testing Git (master)

eg:


jagan@DESKTOP-VDCL0DV MINGW64 /f/Testing Git
$ pwd
/f/Testing Git

jagan@DESKTOP-VDCL0DV MINGW64 /f/Testing Git
$ ls
python_documents/

jagan@DESKTOP-VDCL0DV MINGW64 /f/Testing Git
$ cd python_documents/

jagan@DESKTOP-VDCL0DV MINGW64 /f/Testing Git/python_documents
$ ls
01python.txt

jagan@DESKTOP-VDCL0DV MINGW64 /f/Testing Git/python_documents
$ cd ..

jagan@DESKTOP-VDCL0DV MINGW64 /f/Testing Git
$ pwd
/f/Testing Git

jagan@DESKTOP-VDCL0DV MINGW64 /f/Testing Git
$ git init
Initialized empty Git repository in F:/Testing Git/.git/

jagan@DESKTOP-VDCL0DV MINGW64 /f/Testing Git (master)
$ git status
On branch master

No commits yet

Untracked files:
  (use "git add <file>..." to include in what will be committed)
        python_documents/

nothing added to commit but untracked files present (use "git add" to track)

jagan@DESKTOP-VDCL0DV MINGW64 /f/Testing Git (master)
$

jagan@DESKTOP-VDCL0DV MINGW64 /f/Testing Git (master)
$ git status
On branch master

No commits yet

Untracked files:
  (use "git add <file>..." to include in what will be committed)
        python_documents/

nothing added to commit but untracked files present (use "git add" to track)

jagan@DESKTOP-VDCL0DV MINGW64 /f/Testing Git (master)
$ git add .

jagan@DESKTOP-VDCL0DV MINGW64 /f/Testing Git (master)
$ git status
On branch master

No commits yet

Changes to be committed:
  (use "git rm --cached <file>..." to unstage)
        new file:   python_documents/01python.txt


jagan@DESKTOP-VDCL0DV MINGW64 /f/Testing Git (master)
$ git commit -m 'it is firstversion of python'
[master (root-commit) 954dd91] it is firstversion of python
 1 file changed, 9203 insertions(+)
 create mode 100644 python_documents/01python.txt

jagan@DESKTOP-VDCL0DV MINGW64 /f/Testing Git (master)
$ git status
On branch master
nothing to commit, working tree clean

jagan@DESKTOP-VDCL0DV MINGW64 /f/Testing Git (master)
$ git remote add origin https://github.com/mohangavvala/python_batch_2.git

jagan@DESKTOP-VDCL0DV MINGW64 /f/Testing Git (master)
$ git push -u origin main
error: src refspec main does not match any
error: failed to push some refs to 'https://github.com/mohangavvala/python_batch_2.git'

jagan@DESKTOP-VDCL0DV MINGW64 /f/Testing Git (master)
$ git push -f origin main
error: src refspec main does not match any
error: failed to push some refs to 'https://github.com/mohangavvala/python_batch_2.git'

jagan@DESKTOP-VDCL0DV MINGW64 /f/Testing Git (master)
$ ^C

jagan@DESKTOP-VDCL0DV MINGW64 
/f/Testing Git (master)
git push origin master --force



eg:
jagan@DESKTOP-VDCL0DV MINGW64 /e/python_batch_2_docs
$ pwd
/e/python_batch_2_docs

jagan@DESKTOP-VDCL0DV MINGW64 /e/python_batch_2_docs
$ ls
python_docs/

jagan@DESKTOP-VDCL0DV MINGW64 /e/python_batch_2_docs
$ cd python_docs/

jagan@DESKTOP-VDCL0DV MINGW64 /e/python_batch_2_docs/python_docs
$ ls
01LINUX.txt  01python.txt

jagan@DESKTOP-VDCL0DV MINGW64 /e/python_batch_2_docs/python_docs
$ cd..
bash: cd..: command not found

jagan@DESKTOP-VDCL0DV MINGW64 /e/python_batch_2_docs/python_docs
$ cd ..

jagan@DESKTOP-VDCL0DV MINGW64 /e/python_batch_2_docs
$ ls
python_docs/

jagan@DESKTOP-VDCL0DV MINGW64 /e/python_batch_2_docs
$ cd ..

jagan@DESKTOP-VDCL0DV MINGW64 /e
$ pwd
/e

jagan@DESKTOP-VDCL0DV MINGW64 /e
$ cd python
PYTHONFILE/            PYthoneclone/          Python DS/             Python batch 2 videos/ Python_discussion_6pm/ python8/               python_batch_2_docs/

jagan@DESKTOP-VDCL0DV MINGW64 /e
$ cd python_batch_2_docs/

jagan@DESKTOP-VDCL0DV MINGW64 /e/python_batch_2_docs
$ pwd
/e/python_batch_2_docs

jagan@DESKTOP-VDCL0DV MINGW64 /e/python_batch_2_docs
$





jagan@DESKTOP-VDCL0DV MINGW64 /e/python_batch_2_docs
$ pwd
/e/python_batch_2_docs

jagan@DESKTOP-VDCL0DV MINGW64 /e/python_batch_2_docs
$ git init
Initialized empty Git repository in E:/python_batch_2_docs/.git/

jagan@DESKTOP-VDCL0DV MINGW64 /e/python_batch_2_docs (master)
$ git status
On branch master

No commits yet

Untracked files:
  (use "git add <file>..." to include in what will be committed)
        python_docs/

nothing added to commit but untracked files present (use "git add" to track)

jagan@DESKTOP-VDCL0DV MINGW64 /e/python_batch_2_docs (master)
$ git add .

jagan@DESKTOP-VDCL0DV MINGW64 /e/python_batch_2_docs (master)
$ git status
On branch master

No commits yet

Changes to be committed:
  (use "git rm --cached <file>..." to unstage)
        new file:   python_docs/01LINUX.txt
        new file:   python_docs/01python.txt


jagan@DESKTOP-VDCL0DV MINGW64 /e/python_batch_2_docs (master)
$ git commit -m 'version 1 docs'
[master (root-commit) 263d15b] version 1 docs
 2 files changed, 10403 insertions(+)
 create mode 100644 python_docs/01LINUX.txt
 create mode 100644 python_docs/01python.txt

jagan@DESKTOP-VDCL0DV MINGW64 /e/python_batch_2_docs (master)
$ git status
On branch master
nothing to commit, working tree clean

jagan@DESKTOP-VDCL0DV MINGW64 /e/python_batch_2_docs (master)
$



Local repo to Remote repo:
--------------------------
jagan@DESKTOP-VDCL0DV MINGW64 ~/OneDrive/Desktop/Remote_repo
$ git init
Initialized empty Git repository in C:/Users/jagan/OneDrive/Desktop/Remote_repo/.git/

jagan@DESKTOP-VDCL0DV MINGW64 ~/OneDrive/Desktop/Remote_repo (master)
$ pwd
/c/Users/jagan/OneDrive/Desktop/Remote_repo

jagan@DESKTOP-VDCL0DV MINGW64 ~/OneDrive/Desktop/Remote_repo (master)
$ git status
On branch master

No commits yet

Untracked files:
  (use "git add <file>..." to include in what will be committed)
        Linux_and_Python_docs/

nothing added to commit but untracked files present (use "git add" to track)

jagan@DESKTOP-VDCL0DV MINGW64 ~/OneDrive/Desktop/Remote_repo (master)
$ git add .

jagan@DESKTOP-VDCL0DV MINGW64 ~/OneDrive/Desktop/Remote_repo (master)
$ git status
On branch master

No commits yet

Changes to be committed:
  (use "git rm --cached <file>..." to unstage)
        new file:   Linux_and_Python_docs/01LINUX.txt
        new file:   Linux_and_Python_docs/01python.txt
        new file:   Linux_and_Python_docs/git1.png
        new file:   Linux_and_Python_docs/git2.png


jagan@DESKTOP-VDCL0DV MINGW64 ~/OneDrive/Desktop/Remote_repo (master)
$ git commit -m 'linux_and_python_materials'
[master (root-commit) 11b2902] linux_and_python_materials
 4 files changed, 10403 insertions(+)
 create mode 100644 Linux_and_Python_docs/01LINUX.txt
 create mode 100644 Linux_and_Python_docs/01python.txt
 create mode 100644 Linux_and_Python_docs/git1.png
 create mode 100644 Linux_and_Python_docs/git2.png

jagan@DESKTOP-VDCL0DV MINGW64 ~/OneDrive/Desktop/Remote_repo (master)
$ git branch -M main

jagan@DESKTOP-VDCL0DV MINGW64 ~/OneDrive/Desktop/Remote_repo (main)
$ git remote add origin https://github.com/mohangavvala/PYTHON_LINUX_DOCS.git

jagan@DESKTOP-VDCL0DV MINGW64 ~/OneDrive/Desktop/Remote_repo (main)
$ git push -u origin main
Enumerating objects: 7, done.
Counting objects: 100% (7/7), done.
Delta compression using up to 4 threads
Compressing objects: 100% (6/6), done.
Writing objects: 100% (7/7), 69.64 KiB | 2.05 MiB/s, done.
Total 7 (delta 0), reused 0 (delta 0), pack-reused 0
To https://github.com/mohangavvala/PYTHON_LINUX_DOCS.git
 * [new branch]      main -> main
branch 'main' set up to track 'origin/main'.

jagan@DESKTOP-VDCL0DV MINGW64 ~/OneDrive/Desktop/Remote_repo (main)
$



Remote repo to local repo:
--------------------------

git clone https://github.com/mohangavvala/PYTHON_LINUX_DOCS.git


eg:
jagan@DESKTOP-VDCL0DV MINGW64 ~/OneDrive/Desktop/Remote_repo/All_docs (main)
$ git clone https://github.com/mohangavvala/PYTHON_LINUX_DOCS.git
Cloning into 'PYTHON_LINUX_DOCS'...
remote: Enumerating objects: 7, done.
remote: Counting objects: 100% (7/7), done.
remote: Compressing objects: 100% (6/6), done.
Receiving objects: 100% (7/7), 69.64 KiB | 963.00 KiB/s, done.
remote: Total 7 (delta 0), reused 7 (delta 0), pack-reused 0

jagan@DESKTOP-VDCL0DV MINGW64 ~/OneDrive/Desktop/Remote_repo/All_docs (main)
